
========================================================================
2026-07-15T02:33:43
cwd: None
+ /data00/home/loujiahang/adora/adora-compiler-develop/adora-compiler/build/bin/cgra-opt --allow-unregistered-dialect --affine-loop-normalize --affine-simplify-structures --normalize-memrefs /data00/home/loujiahang/adora/adora-compiler-develop/adora-compiler/experiment/onnx-kernels/linear/adora.strategy.mlir -o /data00/home/loujiahang/adora/adora-compiler-develop/adora-compiler/experiment/onnx-kernels/linear/adora-cc-ir/adora-cc-ir/tempfiles/DFGs/adora.strategy_normalized.mlir
------------------------------------------------------------------------

========================================================================
2026-07-15T02:33:43
cwd: None
+ /data00/home/loujiahang/adora/adora-compiler-develop/adora-compiler/build/bin/cgra-opt --canonicalize -reconcile-unrealized-casts --affine-loop-fusion --adora-extract-affine-for-to-kernel --arith-expand --memref-expand -cse /data00/home/loujiahang/adora/adora-compiler-develop/adora-compiler/experiment/onnx-kernels/linear/adora-cc-ir/adora-cc-ir/tempfiles/DFGs/adora.strategy_normalized.mlir -o /data00/home/loujiahang/adora/adora-compiler-develop/adora-compiler/experiment/onnx-kernels/linear/adora-cc-ir/adora-cc-ir/0_kernels/adora.strategy_kernel.mlir
------------------------------------------------------------------------

========================================================================
2026-07-15T02:33:44
cwd: None
+ /data00/home/loujiahang/adora/adora-compiler-develop/adora-compiler/build/bin/cgra-opt --adora-simplify-affine-loop-levels --canonicalize -cse --adora-simplify-loadstore --adora-math-rewrite --adora-adjust-kernel-mem-footprint=cachesize=128 singlearraysize=8 disable-remainder-block explicit-datablock /data00/home/loujiahang/adora/adora-compiler-develop/adora-compiler/experiment/onnx-kernels/linear/adora-cc-ir/adora-cc-ir/0_kernels/adora.strategy_kernel.mlir -o /data00/home/loujiahang/adora/adora-compiler-develop/adora-compiler/experiment/onnx-kernels/linear/adora-cc-ir/adora-cc-ir/1_kernels_opt/adora.strategy_opt.mlir
------------------------------------------------------------------------

========================================================================
2026-07-15T02:33:44
cwd: /data00/home/loujiahang/adora/adora-compiler-develop/adora-compiler/experiment/onnx-kernels/linear/adora-cc-ir/adora-cc-ir/tempfiles/DFGs
+ /data00/home/loujiahang/adora/adora-compiler-develop/adora-compiler/build/bin/cgra-opt --adora-kernel-dfg-gen /data00/home/loujiahang/adora/adora-compiler-develop/adora-compiler/experiment/onnx-kernels/linear/adora-cc-ir/adora-cc-ir/1_kernels_opt/adora.strategy_opt.mlir
------------------------------------------------------------------------
module {
  func.func @main_graph(%arg0: memref<64x128xbf16> {onnx.name = "input"}, %arg1: memref<128x64xbf16> {onnx.name = "weight"}, %arg2: memref<64x64xbf16> {onnx.name = "bias"}) -> (memref<64x64xbf16> {onnx.name = "output"}) attributes {llvm.emit_c_interface, onnxEntryPoint} {
    %0 = call @Gemm_0(%arg0, %arg1, %arg2) : (memref<64x128xbf16>, memref<128x64xbf16>, memref<64x64xbf16>) -> memref<64x64xbf16>
    return %0 : memref<64x64xbf16>
  }
  func.func @Gemm_0(%arg0: memref<64x128xbf16>, %arg1: memref<128x64xbf16>, %arg2: memref<64x64xbf16>) -> memref<64x64xbf16> attributes {adora_kernel, llvm.emit_c_interface} {
    %0 = "ADORATensor.Gemm"(%arg0, %arg1, %arg2) {algorithm = "GEMM_Standard", stationary_kind = "InputStationary", tile_size = array<i64: 32, 64, 2, 16>} : (memref<64x128xbf16>, memref<128x64xbf16>, memref<64x64xbf16>) -> memref<64x64xbf16>
    return %0 : memref<64x64xbf16>
  }
}

