Best Conv strategy: [Cand] Algo=Conv_Direct Strategy=InputStationary T0=64 T1=16 row=4 col=9 | EC=1068 TX=562 LAT=1068
[test] kernel! module {
  func.func @main_graph(%arg0: memref<1x1x16x16xbf16>, %arg1: memref<16x1x3x3xbf16>, %arg2: memref<16xbf16>) -> memref<1x16x16x16xbf16> attributes {llvm.emit_c_interface, onnxEntryPoint} {
    %0 = call @Conv_0(%arg0, %arg1, %arg2) : (memref<1x1x16x16xbf16>, memref<16x1x3x3xbf16>, memref<16xbf16>) -> memref<1x16x16x16xbf16>
    return %0 : memref<1x16x16x16xbf16>
  }
  func.func @Conv_0(%arg0: memref<1x1x16x16xbf16>, %arg1: memref<16x1x3x3xbf16>, %arg2: memref<16xbf16>) -> memref<1x16x16x16xbf16> attributes {adora_kernel, llvm.emit_c_interface} {
    %0 = "ADORATensor.Conv"(%arg0, %arg1, %arg2) <{auto_pad = "NOTSET", dilations = [1, 1], group = 1 : i64, kernel_shape = [3, 3], pads = [1, 1, 1, 1], strides = [1, 1]}> {algorithm = "Conv_Direct", stationary_kind = "InputStationary", tile_size = array<i64: 64, 16, 4, 9>} : (memref<1x1x16x16xbf16>, memref<16x1x3x3xbf16>, memref<16xbf16>) -> memref<1x16x16x16xbf16>
    return %0 : memref<1x16x16x16xbf16>
  }
}
Environment variable " GENERAL_OP_NAME_ENV " is not set.
Using " GENERAL_OP_NAME_ENV " = "/home/jhlou/CGRVOPT/cgra-opt/lib/DFG/Documents/GeneralOpName.txt"
PLEASE submit a bug report to https://github.com/llvm/llvm-project/issues/ and include the crash backtrace.
Stack dump:
0.	Program arguments: /home/jhlou/CGRVOPT/CYK/adora-compiler/build/bin/tensor-opt "--adora-tensor-op-strategy-decision=adg-fn=/home/jhlou/CGRVOPT/MatrixMeld/vitrartl_8x16/spec/vitra_cgra_adg.json bus-bandwidth=16 stationary-tensor=inputstationary algorithm-kind=conv_direct" --adora-gen-tensor-op-cdfg affine.mlir -o kernel.mlir
 #0 0x0000559f92ef148f llvm::sys::PrintStackTrace(llvm::raw_ostream&, int) (/home/jhlou/CGRVOPT/CYK/adora-compiler/build/bin/tensor-opt+0x160e48f)
 #1 0x0000559f92eeec94 SignalHandler(int) Signals.cpp:0:0
 #2 0x00007fdb856f6420 __restore_rt (/lib/x86_64-linux-gnu/libpthread.so.0+0x14420)
 #3 0x0000559f919f2321 llvm::detail::PunnedPointer<llvm::ilist_node_base<true, void>*>::asInt() const /home/share/onnx-mlir/third_party/llvm-project-onnx/build/include/llvm/ADT/PointerIntPair.h:41:21
 #4 0x0000559f919f0a32 llvm::detail::PunnedPointer<llvm::ilist_node_base<true, void>*>::operator long() const /home/share/onnx-mlir/third_party/llvm-project-onnx/build/include/llvm/ADT/PointerIntPair.h:45:57
 #5 0x0000559f92486082 llvm::PointerIntPair<llvm::ilist_node_base<true, void>*, 1u, unsigned int, llvm::PointerLikeTypeTraits<llvm::ilist_node_base<true, void>*>, llvm::PointerIntPairInfo<llvm::ilist_node_base<true, void>*, 1u, llvm::PointerLikeTypeTraits<llvm::ilist_node_base<true, void>*>>>::getPointer() const /home/share/onnx-mlir/third_party/llvm-project-onnx/build/include/llvm/ADT/PointerIntPair.h:94:57
 #6 0x0000559f924851a0 llvm::ilist_detail::node_base_prevnext<llvm::ilist_node_base<true, void>, true>::getPrev() const /home/share/onnx-mlir/third_party/llvm-project-onnx/build/include/llvm/ADT/ilist_node_base.h:41:68
 #7 0x0000559f9249215a llvm::ilist_base<true, void>::transferBeforeImpl(llvm::ilist_node_base<true, void>&, llvm::ilist_node_base<true, void>&, llvm::ilist_node_base<true, void>&) /home/share/onnx-mlir/third_party/llvm-project-onnx/build/include/llvm/ADT/ilist_base.h:62:29
 #8 0x0000559f924920ed void llvm::ilist_base<true, void>::transferBefore<llvm::ilist_node_impl<llvm::ilist_detail::node_options<mlir::Operation, true, false, void, false, void>>>(llvm::ilist_node_impl<llvm::ilist_detail::node_options<mlir::Operation, true, false, void, false, void>>&, llvm::ilist_node_impl<llvm::ilist_detail::node_options<mlir::Operation, true, false, void, false, void>>&, llvm::ilist_node_impl<llvm::ilist_detail::node_options<mlir::Operation, true, false, void, false, void>>&) /home/share/onnx-mlir/third_party/llvm-project-onnx/build/include/llvm/ADT/ilist_base.h:87:3
 #9 0x0000559f9249199f llvm::simple_ilist<mlir::Operation>::splice(llvm::ilist_iterator<llvm::ilist_detail::node_options<mlir::Operation, true, false, void, false, void>, false, false>, llvm::simple_ilist<mlir::Operation>&, llvm::ilist_iterator<llvm::ilist_detail::node_options<mlir::Operation, true, false, void, false, void>, false, false>, llvm::ilist_iterator<llvm::ilist_detail::node_options<mlir::Operation, true, false, void, false, void>, false, false>) /home/share/onnx-mlir/third_party/llvm-project-onnx/build/include/llvm/ADT/simple_ilist.h:257:3
#10 0x0000559f924913f2 llvm::iplist_impl<llvm::simple_ilist<mlir::Operation>, llvm::ilist_traits<mlir::Operation>>::transfer(llvm::ilist_iterator<llvm::ilist_detail::node_options<mlir::Operation, true, false, void, false, void>, false, false>, llvm::iplist_impl<llvm::simple_ilist<mlir::Operation>, llvm::ilist_traits<mlir::Operation>>&, llvm::ilist_iterator<llvm::ilist_detail::node_options<mlir::Operation, true, false, void, false, void>, false, false>, llvm::ilist_iterator<llvm::ilist_detail::node_options<mlir::Operation, true, false, void, false, void>, false, false>) /home/share/onnx-mlir/third_party/llvm-project-onnx/build/include/llvm/ADT/ilist.h:230:27
#11 0x0000559f92490dbe llvm::iplist_impl<llvm::simple_ilist<mlir::Operation>, llvm::ilist_traits<mlir::Operation>>::splice(llvm::ilist_iterator<llvm::ilist_detail::node_options<mlir::Operation, true, false, void, false, void>, false, false>, llvm::iplist_impl<llvm::simple_ilist<mlir::Operation>, llvm::ilist_traits<mlir::Operation>>&, llvm::ilist_iterator<llvm::ilist_detail::node_options<mlir::Operation, true, false, void, false, void>, false, false>) /home/share/onnx-mlir/third_party/llvm-project-onnx/build/include/llvm/ADT/ilist.h:273:5
#12 0x0000559f92490141 mlir::ADORA::SpecifiedAffineFortoKernel(mlir::affine::AffineForOp&) /home/jhlou/CGRVOPT/CYK/adora-compiler/lib/Dialect/ADORA/Transforms/Kernel/AffineFortoKernelUtil.cpp:69:33
#13 0x0000559f928b1388 mlir::ADORA::ADORATensor::LowerDirectConvPipeline(mlir::OpBuilder&, mlir::ADORA::ADORATensor::ConvOp, mlir::ADORA::ADORATensor::SystolicConfig) /home/jhlou/CGRVOPT/CYK/adora-compiler/lib/Dialect/ADORATensor/Lowering/CONV/DirectConv.cpp:345:24
#14 0x0000559f92510aa4 mlir::ADORA::ADORATensor::TensorOpCDFGVisitor::visitOp(mlir::ADORA::ADORATensor::ConvOp) /home/jhlou/CGRVOPT/CYK/adora-compiler/lib/Dialect/ADORATensor/Lowering/TensorOpLowerToKernel.cpp:79:65
#15 0x0000559f924df915 bool mlir::ADORA::ADORATensorOpVisitorBase<mlir::ADORA::ADORATensor::TensorOpCDFGVisitor, bool>::dispatchVisitor(mlir::Operation*)::'lambda'(auto)::operator()<mlir::ADORA::ADORATensor::ConvOp>(auto) const /home/jhlou/CGRVOPT/CYK/adora-compiler/mapper/include/tensorop/TensorOpVisitor.h:34:15
#16 0x0000559f924d0fb5 llvm::TypeSwitch<mlir::Operation*, bool>& llvm::TypeSwitch<mlir::Operation*, bool>::Case<mlir::ADORA::ADORATensor::ConvOp, mlir::ADORA::ADORATensorOpVisitorBase<mlir::ADORA::ADORATensor::TensorOpCDFGVisitor, bool>::dispatchVisitor(mlir::Operation*)::'lambda'(auto)&>(mlir::ADORA::ADORATensorOpVisitorBase<mlir::ADORA::ADORATensor::TensorOpCDFGVisitor, bool>::dispatchVisitor(mlir::Operation*)::'lambda'(auto)&) /home/share/onnx-mlir/third_party/llvm-project-onnx/build/include/llvm/ADT/TypeSwitch.h:102:28
#17 0x0000559f924ba617 llvm::TypeSwitch<mlir::Operation*, bool>& llvm::detail::TypeSwitchBase<llvm::TypeSwitch<mlir::Operation*, bool>, mlir::Operation*>::Case<mlir::ADORA::ADORATensor::GemmOp, mlir::ADORA::ADORATensor::ConvOp, mlir::ADORA::ADORATensorOpVisitorBase<mlir::ADORA::ADORATensor::TensorOpCDFGVisitor, bool>::dispatchVisitor(mlir::Operation*)::'lambda'(auto)>(mlir::ADORA::ADORATensorOpVisitorBase<mlir::ADORA::ADORATensor::TensorOpCDFGVisitor, bool>::dispatchVisitor(mlir::Operation*)::'lambda'(auto)&&) /home/share/onnx-mlir/third_party/llvm-project-onnx/build/include/llvm/ADT/TypeSwitch.h:47:49
#18 0x0000559f924ba617 mlir::ADORA::ADORATensorOpVisitorBase<mlir::ADORA::ADORATensor::TensorOpCDFGVisitor, bool>::dispatchVisitor(mlir::Operation*) /home/jhlou/CGRVOPT/CYK/adora-compiler/mapper/include/tensorop/TensorOpVisitor.h:37:10
#19 0x0000559f924acee5 mlir::ADORA::ADORATensor::ADORATensorOpCdfgGenPass::runOnOperation()::'lambda'(mlir::Operation*)::operator()(mlir::Operation*) const /home/jhlou/CGRVOPT/CYK/adora-compiler/lib/Dialect/ADORATensor/Transforms/TensorCDFGGenPass.cpp:104:7
#20 0x0000559f924add2b void llvm::function_ref<void (mlir::Operation*)>::callback_fn<mlir::ADORA::ADORATensor::ADORATensorOpCdfgGenPass::runOnOperation()::'lambda'(mlir::Operation*)>(long, mlir::Operation*) /home/share/onnx-mlir/third_party/llvm-project-onnx/build/include/llvm/ADT/STLFunctionalExtras.h:47:40
#21 0x0000559f92487005 llvm::function_ref<void (mlir::Operation*)>::operator()(mlir::Operation*) const /home/share/onnx-mlir/third_party/llvm-project-onnx/build/include/llvm/ADT/STLFunctionalExtras.h:69:62
#22 0x0000559f924867c2 void mlir::detail::walk<mlir::ForwardIterator>(mlir::Operation*, llvm::function_ref<void (mlir::Operation*)>, mlir::WalkOrder) /home/share/onnx-mlir/third_party/llvm-project-onnx/build/include/mlir/IR/Visitors.h:187:1
#23 0x0000559f92486771 void mlir::detail::walk<mlir::ForwardIterator>(mlir::Operation*, llvm::function_ref<void (mlir::Operation*)>, mlir::WalkOrder) /home/share/onnx-mlir/third_party/llvm-project-onnx/build/include/mlir/IR/Visitors.h:179:7
#24 0x0000559f92486771 void mlir::detail::walk<mlir::ForwardIterator>(mlir::Operation*, llvm::function_ref<void (mlir::Operation*)>, mlir::WalkOrder) /home/share/onnx-mlir/third_party/llvm-project-onnx/build/include/mlir/IR/Visitors.h:179:7
#25 0x0000559f924ada42 _ZN4mlir6detail4walkILNS_9WalkOrderE1ENS_15ForwardIteratorEZNS_5ADORA11ADORATensor24ADORATensorOpCdfgGenPass14runOnOperationEvEUlPNS_9OperationEE_S8_vEENSt9enable_ifIXsrSt11disjunctionIJSt7is_sameIT2_S8_ESC_ISD_PNS_6RegionEESC_ISD_PNS_5BlockEEEE5valueET3_E4typeES8_OT1_ /home/share/onnx-mlir/third_party/llvm-project-onnx/build/include/mlir/IR/Visitors.h:312:78
#26 0x0000559f924ad8aa _ZN4mlir9Operation4walkILNS_9WalkOrderE1ENS_15ForwardIteratorEZNS_5ADORA11ADORATensor24ADORATensorOpCdfgGenPass14runOnOperationEvEUlPS0_E_vEENSt9enable_ifIXeqsrN4llvm15function_traitsINSt5decayIT1_E4typeEXsrSt8is_classISF_E5valueEEE8num_argsLi1EET2_E4typeEOSD_ /home/share/onnx-mlir/third_party/llvm-project-onnx/build/include/mlir/IR/Operation.h:799:75
#27 0x0000559f924ad65b _ZN4mlir7OpState4walkILNS_9WalkOrderE1ENS_15ForwardIteratorEZNS_5ADORA11ADORATensor24ADORATensorOpCdfgGenPass14runOnOperationEvEUlPNS_9OperationEE_vEENSt9enable_ifIXeqsrN4llvm15function_traitsINSt5decayIT1_E4typeEXsrSt8is_classISG_E5valueEEE8num_argsLi1EET2_E4typeEOSE_ /home/share/onnx-mlir/third_party/llvm-project-onnx/build/include/mlir/IR/OpDefinition.h:167:3
#28 0x0000559f924ad392 mlir::ADORA::ADORATensor::ADORATensorOpCdfgGenPass::runOnOperation() /home/jhlou/CGRVOPT/CYK/adora-compiler/lib/Dialect/ADORATensor/Transforms/TensorCDFGGenPass.cpp:110:11
#29 0x0000559f92cd8a81 mlir::detail::OpToOpPassAdaptor::run(mlir::Pass*, mlir::Operation*, mlir::AnalysisManager, bool, unsigned int) (/home/jhlou/CGRVOPT/CYK/adora-compiler/build/bin/tensor-opt+0x13f5a81)
#30 0x0000559f92cd8f1a mlir::detail::OpToOpPassAdaptor::runPipeline(mlir::OpPassManager&, mlir::Operation*, mlir::AnalysisManager, bool, unsigned int, mlir::PassInstrumentor*, mlir::PassInstrumentation::PipelineParentInfo const*) (/home/jhlou/CGRVOPT/CYK/adora-compiler/build/bin/tensor-opt+0x13f5f1a)
#31 0x0000559f92cd9a64 mlir::PassManager::run(mlir::Operation*) (/home/jhlou/CGRVOPT/CYK/adora-compiler/build/bin/tensor-opt+0x13f6a64)
#32 0x0000559f91b7cb4b performActions(llvm::raw_ostream&, std::shared_ptr<llvm::SourceMgr> const&, mlir::MLIRContext*, mlir::MlirOptMainConfig const&) MlirOptMain.cpp:0:0
#33 0x0000559f91b7d5b2 processBuffer(llvm::raw_ostream&, std::unique_ptr<llvm::MemoryBuffer, std::default_delete<llvm::MemoryBuffer>>, mlir::MlirOptMainConfig const&, mlir::DialectRegistry&, llvm::ThreadPoolInterface*) MlirOptMain.cpp:0:0
#34 0x0000559f91b7d824 llvm::LogicalResult llvm::function_ref<llvm::LogicalResult (std::unique_ptr<llvm::MemoryBuffer, std::default_delete<llvm::MemoryBuffer>>, llvm::raw_ostream&)>::callback_fn<mlir::MlirOptMain(llvm::raw_ostream&, std::unique_ptr<llvm::MemoryBuffer, std::default_delete<llvm::MemoryBuffer>>, mlir::DialectRegistry&, mlir::MlirOptMainConfig const&)::'lambda'(std::unique_ptr<llvm::MemoryBuffer, std::default_delete<llvm::MemoryBuffer>>, llvm::raw_ostream&)>(long, std::unique_ptr<llvm::MemoryBuffer, std::default_delete<llvm::MemoryBuffer>>, llvm::raw_ostream&) MlirOptMain.cpp:0:0
#35 0x0000559f92e07dce mlir::splitAndProcessBuffer(std::unique_ptr<llvm::MemoryBuffer, std::default_delete<llvm::MemoryBuffer>>, llvm::function_ref<llvm::LogicalResult (std::unique_ptr<llvm::MemoryBuffer, std::default_delete<llvm::MemoryBuffer>>, llvm::raw_ostream&)>, llvm::raw_ostream&, llvm::StringRef, llvm::StringRef) (/home/jhlou/CGRVOPT/CYK/adora-compiler/build/bin/tensor-opt+0x1524dce)
#36 0x0000559f91b738a9 mlir::MlirOptMain(llvm::raw_ostream&, std::unique_ptr<llvm::MemoryBuffer, std::default_delete<llvm::MemoryBuffer>>, mlir::DialectRegistry&, mlir::MlirOptMainConfig const&) (/home/jhlou/CGRVOPT/CYK/adora-compiler/build/bin/tensor-opt+0x2908a9)
#37 0x0000559f91b7d991 mlir::MlirOptMain(int, char**, llvm::StringRef, llvm::StringRef, mlir::DialectRegistry&) (/home/jhlou/CGRVOPT/CYK/adora-compiler/build/bin/tensor-opt+0x29a991)
#38 0x0000559f91b7de56 mlir::MlirOptMain(int, char**, llvm::StringRef, mlir::DialectRegistry&) (/home/jhlou/CGRVOPT/CYK/adora-compiler/build/bin/tensor-opt+0x29ae56)
#39 0x0000559f919e589a main /home/jhlou/CGRVOPT/CYK/adora-compiler/tools/tensor-opt/tensor-opt.cpp:107:0
#40 0x00007fdb85130083 __libc_start_main /build/glibc-B3wQXB/glibc-2.31/csu/../csu/libc-start.c:342:3
#41 0x0000559f919e55fe _start (/home/jhlou/CGRVOPT/CYK/adora-compiler/build/bin/tensor-opt+0x1025fe)
